2015-07-22T09:00:28.019143Z 0.0.0.130:54635 
2015-07-22T09:00:29.019143Z 0.0.0.130:54635 
2015-07-22T09:05:28.019143Z 0.0.0.130:54635 
2015-07-22T09:10:28.019143Z 0.0.0.130:54635 
2015-07-22T09:00:28.019143Z 1.0.0.130:54635 
2015-07-22T09:00:29.019143Z 1.0.0.130:54635
2015-07-22T09:10:28.019143Z 1.0.0.130:54635  
